golden    adj 金色的，黄金般的；珍贵的；金制的;n (Golden)人名；(英、法、罗、德、瑞典)戈尔登;
