http://ssv-video.agilestudio.cn/171_3754368_20_296460/171_3754368_20_296460.m3u8
https://ssv-api.agilestudio.cn/api/video/vtt-subtitle/4113-125000-156000.vtt
http://ssv-video.agilestudio.cn/171_3754368_20_296460/171_3754368_20_296460-00014.ts
http://ssv-video.agilestudio.cn/171_3754368_20_296460/171_3754368_20_296460-00015.ts
http://ssv-video.agilestudio.cn/171_3754368_20_296460/171_3754368_20_296460-00016.ts
